[INFO] Scanning for projects...
[INFO] 
[INFO] ----------------------< com.esmt:researchCenter >-----------------------
[INFO] Building researchCenter 0.0.1-SNAPSHOT
[INFO]   from pom.xml
[INFO] --------------------------------[ jar ]---------------------------------
[INFO] 
[INFO] --- resources:3.3.1:resources (default-resources) @ researchCenter ---
[INFO] Copying 1 resource from src\main\resources to target\classes
[INFO] Copying 7 resources from src\main\resources to target\classes
[INFO] 
[INFO] --- compiler:3.14.1:compile (default-compile) @ researchCenter ---
[INFO] Recompiling the module because of changed source code.
[INFO] Compiling 32 source files with javac [debug parameters release 17] to target\classes
[INFO] 
[INFO] --- resources:3.3.1:testResources (default-testResources) @ researchCenter ---
[INFO] skip non existing resourceDirectory F:\workspace_Master\modern_javaEE\researchCenter - Copie\src\test\resources
[INFO] 
[INFO] --- compiler:3.14.1:testCompile (default-testCompile) @ researchCenter ---
[INFO] Recompiling the module because of changed dependency.
[INFO] Compiling 4 source files with javac [debug parameters release 17] to target\test-classes
[INFO] -------------------------------------------------------------
[ERROR] COMPILATION ERROR : 
[INFO] -------------------------------------------------------------
[ERROR] /F:/workspace_Master/modern_javaEE/researchCenter - Copie/src/test/java/com/esmt/researchcenter/controller/ProjectControllerTest.java:[11,63] package org.springframework.boot.test.autoconfigure.web.servlet does not exist
[ERROR] /F:/workspace_Master/modern_javaEE/researchCenter - Copie/src/test/java/com/esmt/researchcenter/controller/ProjectControllerTest.java:[12,50] package org.springframework.boot.test.mock.mockito does not exist
[ERROR] /F:/workspace_Master/modern_javaEE/researchCenter - Copie/src/test/java/com/esmt/researchcenter/controller/ProjectControllerTest.java:[25,2] cannot find symbol
  symbol: class WebMvcTest
[ERROR] /F:/workspace_Master/modern_javaEE/researchCenter - Copie/src/test/java/com/esmt/researchcenter/controller/ProjectControllerTest.java:[31,6] cannot find symbol
  symbol:   class MockBean
  location: class com.esmt.researchcenter.controller.ProjectControllerTest
[ERROR] /F:/workspace_Master/modern_javaEE/researchCenter - Copie/src/test/java/com/esmt/researchcenter/controller/ProjectControllerTest.java:[34,6] cannot find symbol
  symbol:   class MockBean
  location: class com.esmt.researchcenter.controller.ProjectControllerTest
[ERROR] /F:/workspace_Master/modern_javaEE/researchCenter - Copie/src/test/java/com/esmt/researchcenter/controller/ProjectControllerTest.java:[37,6] cannot find symbol
  symbol:   class MockBean
  location: class com.esmt.researchcenter.controller.ProjectControllerTest
[INFO] 6 errors 
[INFO] -------------------------------------------------------------
[INFO] ------------------------------------------------------------------------
[INFO] BUILD FAILURE
[INFO] ------------------------------------------------------------------------
[INFO] Total time:  7.743 s
[INFO] Finished at: 2026-02-16T12:58:32Z
[INFO] ------------------------------------------------------------------------
[ERROR] Failed to execute goal org.apache.maven.plugins:maven-compiler-plugin:3.14.1:testCompile (default-testCompile) on project researchCenter: Compilation failure: Compilation failure: 
[ERROR] /F:/workspace_Master/modern_javaEE/researchCenter - Copie/src/test/java/com/esmt/researchcenter/controller/ProjectControllerTest.java:[11,63] package org.springframework.boot.test.autoconfigure.web.servlet does not exist
[ERROR] /F:/workspace_Master/modern_javaEE/researchCenter - Copie/src/test/java/com/esmt/researchcenter/controller/ProjectControllerTest.java:[12,50] package org.springframework.boot.test.mock.mockito does not exist
[ERROR] /F:/workspace_Master/modern_javaEE/researchCenter - Copie/src/test/java/com/esmt/researchcenter/controller/ProjectControllerTest.java:[25,2] cannot find symbol
[ERROR]   symbol: class WebMvcTest
[ERROR] /F:/workspace_Master/modern_javaEE/researchCenter - Copie/src/test/java/com/esmt/researchcenter/controller/ProjectControllerTest.java:[31,6] cannot find symbol
[ERROR]   symbol:   class MockBean
[ERROR]   location: class com.esmt.researchcenter.controller.ProjectControllerTest
[ERROR] /F:/workspace_Master/modern_javaEE/researchCenter - Copie/src/test/java/com/esmt/researchcenter/controller/ProjectControllerTest.java:[34,6] cannot find symbol
[ERROR]   symbol:   class MockBean
[ERROR]   location: class com.esmt.researchcenter.controller.ProjectControllerTest
[ERROR] /F:/workspace_Master/modern_javaEE/researchCenter - Copie/src/test/java/com/esmt/researchcenter/controller/ProjectControllerTest.java:[37,6] cannot find symbol
[ERROR]   symbol:   class MockBean
[ERROR]   location: class com.esmt.researchcenter.controller.ProjectControllerTest
[ERROR] -> [Help 1]
[ERROR] 
[ERROR] To see the full stack trace of the errors, re-run Maven with the -e switch.
[ERROR] Re-run Maven using the -X switch to enable full debug logging.
[ERROR] 
[ERROR] For more information about the errors and possible solutions, please read the following articles:
[ERROR] [Help 1] http://cwiki.apache.org/confluence/display/MAVEN/MojoFailureException
